8086/87/88/186 MACRO ASSEMBLER    MACRO                                                    04:15:58  11/17/;5  PAGE    1


DOS 5.0 (038-N) 8086/87/88/186 MACRO ASSEMBLER V3.1 ASSEMBLY OF MODULE MACRO
OBJECT MODULE PLACED IN MACRO.OBJ
ASSEMBLER INVOKED BY:  C:\USERS\DAVID\DOCUME~1\EE51\5XTOOLS\ASM86.EXE MACRO.ASM M1 EP DB


LOC  OBJ                  LINE     SOURCE

                             1             NAME    MACRO
                             2     
                             3     ; Local include files.
                             4 +1  $INCLUDE(macro.inc) 
                      =1     5 +1  $NOLIST
----                       139     CODE SEGMENT PUBLIC 'CODE'
                           140         ; Test the following macros.
                           141         
                           142         ; CLR(AX)
                           143 +1      
0000 33C0                  144 +2      XOR     AX, AX
                           145 +1  
                           146         ; SETBIT(AX, 15)
                           147 +1      
0002 0D0080                148 +2      OR     AX, 1 SHL  15
                           149 +1   
                           150         ; CLRBIT(AX, 0)
                           151 +1      
0005 25FEFF                152 +2      AND     AX, NOT 1 SHL  0
                           153 +1   
                           154         ; COMBIT(AX, 7)
                           155 +1      
0008 358000                156 +2      XOR     AX, 1 SHL  7
                           157 +1   
                           158         ; TESTBIT(AX, 11)
                           159 +1      
000B A90008                160 +2      TEST     AX, 1 SHL  11
                           161 +1  
                           162         ; XLATW
                           163 +1      
000E D1E0                  164 +1      SHL     AX, 1
0010 8BF0                  165 +1      MOV     SI, AX
0012 8B00                  166 +1      MOV     AX, DS:[BX + SI]
                           167 +1  
                           168         ; READPCB(0FFA4H)
                           169 +1      
0014 BAA4FF                170 +2      MOV     DX, 0FFA4H
0017 ED                    171 +1      IN      AX, DX
                           172 +1  
                           173         ; WRITEPCB(0FFA8H, 0183H)
                           174 +1      
0018 BAA8FF                175 +2      MOV     DX, 0FFA8H
001B B88301                176 +2      MOV     AX,  0183H
001E EF                    177 +1      OUT     DX, AX
                           178 +1  
                           179     
----                       180     CODE        ENDS
                           181     
                           182                 END

ASSEMBLY COMPLETE, NO ERRORS FOUND
